Panic#2 Part1
<5>[    0.000000] Linux version 6.3.0-rc2-gpiccoli (gpiccoli@buildbox2) (gcc (Debian 10.2.1-6) 10.2.1 20210110, GNU ld (GNU Binutils for Debian) 2.35.2) #370 SMP PREEMPT_DYNAMIC Fri Mar 17 15:57:00 UTC 2023
<6>[    0.000000] Command line: BOOT_IMAGE=/vmlinuz-6.3.0-rc2-gpiccoli root=UUID=0dea8b72-e2ad-4c94-a850-9a01db1a36f6 rw crashkernel=256M loglevel=4 console=ttyS0 panic=-1 mem=2000M
<6>[    0.000000] x86/fpu: Supporting XSAVE feature 0x001: 'x87 floating point registers'
<6>[    0.000000] x86/fpu: Supporting XSAVE feature 0x002: 'SSE registers'
<6>[    0.000000] x86/fpu: Supporting XSAVE feature 0x004: 'AVX registers'
<6>[    0.000000] x86/fpu: xstate_offset[2]:  576, xstate_sizes[2]:  256
<6>[    0.000000] x86/fpu: Enabled xstate features 0x7, context size is 832 bytes, using 'compacted' format.
<6>[    0.000000] signal: max sigframe size: 1776
<6>[    0.000000] BIOS-provided physical RAM map:
<6>[    0.000000] BIOS-e820: [mem 0x0000000000000000-0x000000000009ffff] usable
<6>[    0.000000] BIOS-e820: [mem 0x0000000000100000-0x000000007eec0fff] usable
<6>[    0.000000] BIOS-e820: [mem 0x000000007eec1000-0x000000007ef81fff] reserved
<6>[    0.000000] BIOS-e820: [mem 0x000000007ef82000-0x000000007f8eefff] usable
<6>[    0.000000] BIOS-e820: [mem 0x000000007f8ef000-0x000000007f9eefff] reserved
<6>[    0.000000] BIOS-e820: [mem 0x000000007f9ef000-0x000000007faeefff] type 20
<6>[    0.000000] BIOS-e820: [mem 0x000000007faef000-0x000000007fb6efff] reserved
<6>[    0.000000] BIOS-e820: [mem 0x000000007fb6f000-0x000000007fb7efff] ACPI data
<6>[    0.000000] BIOS-e820: [mem 0x000000007fb7f000-0x000000007fbfefff] ACPI NVS
<6>[    0.000000] BIOS-e820: [mem 0x000000007fbff000-0x000000007ffdffff] usable
<6>[    0.000000] BIOS-e820: [mem 0x000000007ffe0000-0x000000007fffffff] reserved
<6>[    0.000000] BIOS-e820: [mem 0x00000000b0000000-0x00000000bfffffff] reserved
<6>[    0.000000] BIOS-e820: [mem 0x00000000ffe00000-0x00000000ffffffff] reserved
<7>[    0.000000] e820: remove [mem 0x7d000000-0xfffffffffffffffe] usable
<6>[    0.000000] NX (Execute Disable) protection: active
<6>[    0.000000] user-defined physical RAM map:
<6>[    0.000000] user: [mem 0x0000000000000000-0x000000000009ffff] usable
<6>[    0.000000] user: [mem 0x0000000000100000-0x000000007cffffff] usable
<6>[    0.000000] user: [mem 0x000000007eec1000-0x000000007ef81fff] reserved
<6>[    0.000000] user: [mem 0x000000007f8ef000-0x000000007f9eefff] reserved
<6>[    0.000000] user: [mem 0x000000007f9ef000-0x000000007faeefff] type 20
<6>[    0.000000] user: [mem 0x000000007faef000-0x000000007fb6efff] reserved
<6>[    0.000000] user: [mem 0x000000007fb6f000-0x000000007fb7efff] ACPI data
<6>[    0.000000] user: [mem 0x000000007fb7f000-0x000000007fbfefff] ACPI NVS
<6>[    0.000000] user: [mem 0x000000007ffe0000-0x000000007fffffff] reserved
<6>[    0.000000] user: [mem 0x00000000b0000000-0x00000000bfffffff] reserved
<6>[    0.000000] user: [mem 0x00000000ffe00000-0x00000000ffffffff] reserved
<6>[    0.000000] efi: EFI v2.7 by EDK II
<6>[    0.000000] efi: SMBIOS=0x7f91a000 ACPI=0x7fb7e000 ACPI 2.0=0x7fb7e014 MEMATTR=0x7e8eb398 
<6>[    0.000000] efi: Remove mem132: MMIO range=[0xffe00000-0xffffffff] (2MB) from e820 map
<7>[    0.000000] e820: remove [mem 0xffe00000-0xffffffff] reserved
<6>[    0.000000] SMBIOS 2.8 present.
<6>[    0.000000] DMI: QEMU Standard PC (Q35 + ICH9, 2009), BIOS 0.0.0 02/06/2015
<6>[    0.000000] Hypervisor detected: KVM
<6>[    0.000000] kvm-clock: Using msrs 4b564d01 and 4b564d00
<6>[    0.000001] kvm-clock: using sched offset of 94928192272351 cycles
<6>[    0.000003] clocksource: kvm-clock: mask: 0xffffffffffffffff max_cycles: 0x1cd42e4dffb, max_idle_ns: 881590591483 ns
<6>[    0.000006] tsc: Detected 2495.998 MHz processor
<7>[    0.000104] e820: update [mem 0x00000000-0x00000fff] usable ==> reserved
<7>[    0.000107] e820: remove [mem 0x000a0000-0x000fffff] usable
<6>[    0.000113] last_pfn = 0x7d000 max_arch_pfn = 0x400000000
<6>[    0.000144] x86/PAT: Configuration [0-7]: WB  WC  UC- UC  WB  WP  UC- WT  
<6>[    0.003333] Using GB pages for direct mapping
<6>[    0.003333] Secure boot disabled
<6>[    0.003333] RAMDISK: [mem 0x36dbd000-0x376d5fff]
<6>[    0.003333] ACPI: Early table checksum verification disabled
<6>[    0.003333] ACPI: RSDP 0x000000007FB7E014 000024 (v02 BOCHS )
<6>[    0.003333] ACPI: XSDT 0x000000007FB7D0E8 00004C (v01 BOCHS  BXPC     00000001      01000013)
<6>[    0.003333] ACPI: FACP 0x000000007FB7A000 0000F4 (v03 BOCHS  BXPC     00000001 BXPC 00000001)
<6>[    0.003333] ACPI: DSDT 0x000000007FB7B000 001E92 (v01 BOCHS  BXPC     00000001 BXPC 00000001)
<6>[    0.003333] ACPI: FACS 0x000000007FBDD000 000040
<6>[    0.003333] ACPI: APIC 0x000000007FB79000 000080 (v01 BOCHS  BXPC     00000001 BXPC 00000001)
<6>[    0.003333] ACPI: MCFG 0x000000007FB78000 00003C (v01 BOCHS  BXPC     00000001 BXPC 00000001)
<6>[    0.003333] ACPI: WAET 0x000000007FB77000 000028 (v01 BOCHS  BXPC     00000001 BXPC 00000001)
<6>[    0.003333] ACPI: BGRT 0x000000007FB76000 000038 (v01 INTEL  EDK2     00000002      01000013)
<6>[    0.003333] ACPI: Reserving FACP table memory at [mem 0x7fb7a000-0x7fb7a0f3]
<6>[    0.003333] ACPI: Reserving DSDT table memory at [mem 0x7fb7b000-0x7fb7ce91]
<6>[    0.003333] ACPI: Reserving FACS table memory at [mem 0x7fbdd000-0x7fbdd03f]
<6>[    0.003333] ACPI: Reserving APIC table memory at [mem 0x7fb79000-0x7fb7907f]
<6>[    0.003333] ACPI: Reserving MCFG table memory at [mem 0x7fb78000-0x7fb7803b]
<6>[    0.003333] ACPI: Reserving WAET table memory at [mem 0x7fb77000-0x7fb77027]
<6>[    0.003333] ACPI: Reserving BGRT table memory at [mem 0x7fb76000-0x7fb76037]
<6>[    0.003333] No NUMA configuration found
<6>[    0.003333] Faking a node at [mem 0x0000000000000000-0x000000007cffffff]
<6>[    0.003333] NODE_DATA(0) allocated [mem 0x7cffb000-0x7cffffff]
<6>[    0.003333] Reserving 256MB of memory at 1504MB for crashkernel (System RAM: 1999MB)
<6>[    0.003333] Zone ranges:
<6>[    0.003333]   DMA      [mem 0x0000000000001000-0x0000000000ffffff]
<6>[    0.003333]   DMA32    [mem 0x0000000001000000-0x000000007cffffff]
<6>[    0.003333]   Normal   empty
<6>[    0.003333]   Device   empty
<6>[    0.003333] Movable zone start for each node
<6>[    0.003333] Early memory node ranges
<6>[    0.003333]   node   0: [mem 0x0000000000001000-0x000000000009ffff]
<6>[    0.003333]   node   0: [mem 0x0000000000100000-0x000000007cffffff]
<6>[    0.003333] Initmem setup node 0 [mem 0x0000000000001000-0x000000007cffffff]
<6>[    0.003333] On node 0, zone DMA: 1 pages in unavailable ranges
<6>[    0.003333] On node 0, zone DMA: 96 pages in unavailable ranges
<6>[    0.003333] On node 0, zone DMA32: 12288 pages in unavailable ranges
<6>[    0.003333] ACPI: PM-Timer IO Port: 0x608
<6>[    0.003333] ACPI: LAPIC_NMI (acpi_id[0xff] dfl dfl lint[0x1])
<6>[    0.003333] IOAPIC[0]: apic_id 0, version 17, address 0xfec00000, GSI 0-23
<6>[    0.003333] ACPI: INT_SRC_OVR (bus 0 bus_irq 0 global_irq 2 dfl dfl)
<6>[    0.003333] ACPI: INT_SRC_OVR (bus 0 bus_irq 5 global_irq 5 high level)
<6>[    0.003333] ACPI: INT_SRC_OVR (bus 0 bus_irq 9 global_irq 9 high level)
<6>[    0.003333] ACPI: INT_SRC_OVR (bus 0 bus_irq 10 global_irq 10 high level)
<6>[    0.003333] ACPI: INT_SRC_OVR (bus 0 bus_irq 11 global_irq 11 high level)
<6>[    0.003333] ACPI: Using ACPI (MADT) for SMP configuration information
<7>[    0.003333] e820: update [mem 0x7e29a000-0x7e2a2fff] usable ==> reserved
<6>[    0.003333] TSC deadline timer available
<6>[    0.003333] smpboot: Allowing 2 CPUs, 0 hotplug CPUs
<6>[    0.003333] PM: hibernation: Registered nosave memory: [mem 0x00000000-0x00000fff]
<6>[    0.003333] PM: hibernation: Registered nosave memory: [mem 0x000a0000-0x000fffff]
<6>[    0.003333] [mem 0xc0000000-0xffffffff] available for PCI devices
<6>[    0.003333] Booting paravirtualized kernel on KVM
<6>[    0.003333] clocksource: refined-jiffies: mask: 0xffffffff max_cycles: 0xffffffff, max_idle_ns: 6370452778343963 ns
<6>[    0.003333] setup_percpu: NR_CPUS:320 nr_cpumask_bits:2 nr_cpu_ids:2 nr_node_ids:1
<6>[    0.003333] percpu: Embedded 64 pages/cpu s225280 r8192 d28672 u1048576
<7>[    0.003333] pcpu-alloc: s225280 r8192 d28672 u1048576 alloc=1*2097152
<7>[    0.003333] pcpu-alloc: [0] 0 1 
<6>[    0.003333] kvm-guest: PV spinlocks disabled, no host support
<6>[    0.003333] Fallback order for Node 0: 0 
<6>[    0.003333] Built 1 zonelists, mobility grouping on.  Total pages: 501726
<6>[    0.003333] Policy zone: DMA32
<5>[    0.003333] Kernel command line: BOOT_IMAGE=/vmlinuz-6.3.0-rc2-gpiccoli root=UUID=0dea8b72-e2ad-4c94-a850-9a01db1a36f6 rw crashkernel=256M loglevel=4 console=ttyS0 panic=-1 mem=2000M
<5>[    0.003333] Unknown kernel command line parameters "BOOT_IMAGE=/vmlinuz-6.3.0-rc2-gpiccoli", will be passed to user space.
<5>[    0.003333] random: crng init done
<6>[    0.003333] Dentry cache hash table entries: 262144 (order: 9, 2097152 bytes, linear)
<6>[    0.003333] Inode-cache hash table entries: 131072 (order: 8, 1048576 bytes, linear)
<6>[    0.003333] mem auto-init: stack:off, heap alloc:on, heap free:off
<6>[    0.003333] Memory: 1684472K/2047612K available (16384K kernel code, 2109K rwdata, 7636K rodata, 3308K init, 3964K bss, 362880K reserved, 0K cma-reserved)
<6>[    0.003333] SLUB: HWalign=64, Order=0-3, MinObjects=0, CPUs=2, Nodes=1
<6>[    0.003333] Kernel/User page tables isolation: enabled
<6>[    0.003333] ftrace: allocating 47199 entries in 185 pages
<6>[    0.003333] ftrace: allocated 185 pages with 5 groups
<6>[    0.003333] Dynamic Preempt: full
<6>[    0.003333] rcu: Preemptible hierarchical RCU implementation.
<6>[    0.003333] rcu: 	RCU restricting CPUs from NR_CPUS=320 to nr_cpu_ids=2.
<6>[    0.003333] rcu: 	RCU priority boosting: priority 1 delay 500 ms.
<6>[    0.003333] 	Trampoline variant of Tasks RCU enabled.
<6>[    0.003333] 	Rude variant of Tasks RCU enabled.
<6>[    0.003333] 	Tracing variant of Tasks RCU enabled.
<6>[    0.003333] rcu: RCU calculated value of scheduler-enlistment delay is 30 jiffies.
<6>[    0.003333] rcu: Adjusting geometry for rcu_fanout_leaf=16, nr_cpu_ids=2
<6>[    0.003333] NR_IRQS: 20736, nr_irqs: 440, preallocated irqs: 16
<6>[    0.003333] rcu: srcu_init: Setting srcu_struct sizes based on contention.
<6>[    0.003333] kfence: initialized - using 2097152 bytes for 255 objects at 0x(____ptrval____)-0x(____ptrval____)
<6>[    0.003333] Console: colour dummy device 80x25
<6>[    0.003333] printk: console [ttyS0] enabled
<6>[    0.003333] ACPI: Core revision 20221020
<6>[    0.003333] APIC: Switch to symmetric I/O mode setup
<6>[    0.003333] x2apic enabled
<6>[    0.003333] Switched APIC routing to physical x2apic.
<6>[    0.003333] clocksource: tsc-early: mask: 0xffffffffffffffff max_cycles: 0x23fa754787d, max_idle_ns: 440795210092 ns
<6>[    0.062640] Calibrating delay loop (skipped) preset value.. 4993.99 BogoMIPS (lpj=8319993)
<6>[    0.062644] pid_max: default: 32768 minimum: 301
<6>[    0.063876] LSM: initializing lsm=capability,landlock,lockdown,yama,integrity,bpf
<6>[    0.063891] landlock: Up and running.
<6>[    0.063892] Yama: becoming mindful.
<6>[    0.063906] LSM support for eBPF active
<6>[    0.063946] Mount-cache hash table entries: 4096 (order: 3, 32768 bytes, linear)
<6>[    0.063963] Mountpoint-cache hash table entries: 4096 (order: 3, 32768 bytes, linear)
<6>[    0.065268] x86/cpu: User Mode Instruction Prevention (UMIP) activated
<6>[    0.065483] Last level iTLB entries: 4KB 0, 2MB 0, 4MB 0
<6>[    0.065485] Last level dTLB entries: 4KB 0, 2MB 0, 4MB 0, 1GB 0
<6>[    0.065510] Spectre V1 : Mitigation: usercopy/swapgs barriers and __user pointer sanitization
<6>[    0.065517] Spectre V2 : Mitigation: IBRS
<6>[    0.065518] Spectre V2 : Spectre v2 / SpectreRSB mitigation: Filling RSB on context switch
<6>[    0.065519] Spectre V2 : Spectre v2 / SpectreRSB : Filling RSB on VMEXIT
<6>[    0.065519] RETBleed: Mitigation: IBRS
<6>[    0.065525] Spectre V2 : mitigation: Enabling conditional Indirect Branch Prediction Barrier
<6>[    0.065527] Speculative Store Bypass: Mitigation: Speculative Store Bypass disabled via prctl
<6>[    0.065543] MDS: Mitigation: Clear CPU buffers
<6>[    0.065544] MMIO Stale Data: Vulnerable: Clear CPU buffers attempted, no microcode
<6>[    0.065547] SRBDS: Unknown: Dependent on hypervisor status
<6>[    0.065968] Freeing SMP alternatives memory: 40K
<6>[    0.065968] smpboot: CPU0: Intel Core Processor (Skylake, IBRS) (family: 0x6, model: 0x5e, stepping: 0x3)
<6>[    0.065968] cblist_init_generic: Setting adjustable number of callback queues.
<6>[    0.065968] cblist_init_generic: Setting shift to 1 and lim to 1.
<6>[    0.065968] cblist_init_generic: Setting shift to 1 and lim to 1.
<6>[    0.065968] cblist_init_generic: Setting shift to 1 and lim to 1.
<6>[    0.065968] Performance Events: unsupported p6 CPU model 94 no PMU driver, software events only.
<6>[    0.065968] rcu: Hierarchical SRCU implementation.
<6>[    0.065968] rcu: 	Max phase no-delay instances is 1000.
<6>[    0.065968] NMI watchdog: Perf NMI watchdog permanently disabled
<6>[    0.065968] smp: Bringing up secondary CPUs ...
<6>[    0.065968] x86: Booting SMP configuration:
<6>[    0.065968] .... node  #0, CPUs:      #1
<6>[    0.062635] smpboot: CPU 1 Converting physical 0 to logical die 1
<6>[    0.066061] smp: Brought up 1 node, 2 CPUs
<6>[    0.066068] smpboot: Max logical packages: 2
<6>[    0.066070] smpboot: Total of 2 processors activated (9987.99 BogoMIPS)
<6>[    0.067255] devtmpfs: initialized
<6>[    0.067255] x86/mm: Memory block size: 128MB
<6>[    0.067255] ACPI: PM: Registering ACPI NVS region [mem 0x7fb7f000-0x7fbfefff] (524288 bytes)
<6>[    0.067255] clocksource: jiffies: mask: 0xffffffff max_cycles: 0xffffffff, max_idle_ns: 6370867519511994 ns
<6>[    0.067255] futex hash table entries: 512 (order: 3, 32768 bytes, linear)
<6>[    0.067255] pinctrl core: initialized pinctrl subsystem
<6>[    0.067255] PM: RTC time: 19:21:13, date: 2023-03-28
<6>[    0.070803] NET: Registered PF_NETLINK/PF_ROUTE protocol family
<6>[    0.071141] DMA: preallocated 256 KiB GFP_KERNEL pool for atomic allocations
<6>[    0.071332] DMA: preallocated 256 KiB GFP_KERNEL|GFP_DMA pool for atomic allocations
<6>[    0.071532] DMA: preallocated 256 KiB GFP_KERNEL|GFP_DMA32 pool for atomic allocations
<6>[    0.071573] audit: initializing netlink subsys (disabled)
<5>[    0.071721] audit: type=2000 audit(1680031274.391:1): state=initialized audit_enabled=0 res=1
<6>[    0.071721] thermal_sys: Registered thermal governor 'fair_share'
<6>[    0.071721] thermal_sys: Registered thermal governor 'bang_bang'
<6>[    0.071721] thermal_sys: Registered thermal governor 'step_wise'
<6>[    0.071721] thermal_sys: Registered thermal governor 'user_space'
<6>[    0.071721] thermal_sys: Registered thermal governor 'power_allocator'
<6>[    0.071721] cpuidle: using governor ladder
<6>[    0.071721] cpuidle: using governor menu
<6>[    0.071721] acpiphp: ACPI Hot Plug PCI Controller Driver version: 0.5
<6>[    0.071721] PCI: MMCONFIG for domain 0000 [bus 00-ff] at [mem 0xb0000000-0xbfffffff] (base 0xb0000000)
<6>[    0.071721] PCI: MMCONFIG at [mem 0xb0000000-0xbfffffff] reserved as E820 entry
<6>[    0.071721] PCI: Using configuration type 1 for base access
<6>[    0.072891] kprobes: kprobe jump-optimization is enabled. All kprobes are optimized if possible.
<6>[    0.098403] HugeTLB: registered 1.00 GiB page size, pre-allocated 0 pages
<6>[    0.098409] HugeTLB: 16380 KiB vmemmap can be freed for a 1.00 GiB page
<6>[    0.098411] HugeTLB: registered 2.00 MiB page size, pre-allocated 0 pages
<6>[    0.098412] HugeTLB: 28 KiB vmemmap can be freed for a 2.00 MiB page
<6>[    0.098811] ACPI: Added _OSI(Module Device)
<6>[    0.098811] ACPI: Added _OSI(Processor Device)
<6>[    0.098811] ACPI: Added _OSI(3.0 _SCP Extensions)
<6>[    0.098811] ACPI: Added _OSI(Processor Aggregator Device)
<6>[    0.101123] ACPI: 1 ACPI AML tables successfully acquired and loaded
<6>[    0.102452] ACPI: Interpreter enabled
<6>[    0.102452] ACPI: PM: (supports S0 S5)
<6>[    0.102452] ACPI: Using IOAPIC for interrupt routing
<6>[    0.102452] PCI: Using host bridge windows from ACPI; if necessary, use "pci=nocrs" and report a bug
<6>[    0.102452] PCI: Using E820 reservations for host bridge windows
<6>[    0.102764] ACPI: Enabled 1 GPEs in block 00 to 3F
<6>[    0.105433] ACPI: PCI Root Bridge [PCI0] (domain 0000 [bus 00-ff])
<6>[    0.105446] acpi PNP0A08:00: _OSC: OS supports [ExtendedConfig ASPM ClockPM Segments MSI EDR HPX-Type3]
<6>[    0.105515] acpi PNP0A08:00: _OSC: platform does not support [LTR DPC]
<6>[    0.105620] acpi PNP0A08:00: _OSC: OS now controls [PCIeHotplug SHPCHotplug PME AER PCIeCapability]
<6>[    0.105846] PCI host bridge to bus 0000:00
<6>[    0.105848] pci_bus 0000:00: root bus resource [io  0x0000-0x0cf7 window]
<6>[    0.105854] pci_bus 0000:00: root bus resource [io  0x0d00-0xffff window]
<6>[    0.105855] pci_bus 0000:00: root bus resource [mem 0x000a0000-0x000bffff window]
<6>[    0.105857] pci_bus 0000:00: root bus resource [mem 0x80000000-0xafffffff window]
<6>[    0.105859] pci_bus 0000:00: root bus resource [mem 0xc0000000-0xfebfffff window]
<6>[    0.105860] pci_bus 0000:00: root bus resource [mem 0x800000000-0xfffffffff window]
<6>[    0.105862] pci_bus 0000:00: root bus resource [bus 00-ff]
<6>[    0.105920] pci 0000:00:00.0: [8086:29c0] type 00 class 0x060000
<6>[    0.106362] pci 0000:00:01.0: [1b36:000c] type 01 class 0x060400
<6>[    0.108051] pci 0000:00:01.0: reg 0x10: [mem 0xc8588000-0xc8588fff]
<6>[    0.112344] pci 0000:00:01.1: [1b36:000c] type 01 class 0x060400
<6>[    0.114032] pci 0000:00:01.1: reg 0x10: [mem 0xc8587000-0xc8587fff]
<6>[    0.118736] pci 0000:00:02.0: [1b36:0100] type 00 class 0x030000
<6>[    0.120215] pci 0000:00:02.0: reg 0x10: [mem 0xc4000000-0xc7ffffff]
<6>[    0.122778] pci 0000:00:02.0: reg 0x14: [mem 0xc0000000-0xc3ffffff]
<6>[    0.125319] pci 0000:00:02.0: reg 0x18: [mem 0xc8580000-0xc8581fff]
<6>[    0.127629] pci 0000:00:02.0: reg 0x1c: [io  0x8180-0x819f]
<6>[    0.133716] pci 0000:00:02.0: reg 0x30: [mem 0xffff0000-0xffffffff pref]
<6>[    0.133952] pci 0000:00:02.0: BAR 0: assigned to efifb
<6>[    0.133983] pci 0000:00:02.0: Video device with shadowed ROM at [mem 0x000c0000-0x000dffff]
<6>[    0.134641] pci 0000:00:03.0: [1af4:1000] type 00 class 0x020000
<6>[    0.135976] pci 0000:00:03.0: reg 0x10: [io  0x8160-0x817f]
<6>[    0.138203] pci 0000:00:03.0: reg 0x14: [mem 0xc8586000-0xc8586fff]
<6>[    0.145418] pci 0000:00:03.0: reg 0x20: [mem 0x800100000-0x800103fff 64bit pref]
<6>[    0.145975] pci 0000:00:03.0: reg 0x30: [mem 0xfff80000-0xffffffff pref]
<6>[    0.146874] pci 0000:00:05.0: [8086:2934] type 00 class 0x0c0300
<6>[    0.149230] pci 0000:00:05.0: reg 0x20: [io  0x8140-0x815f]
<6>[    0.152292] pci 0000:00:05.7: [8086:293a] type 00 class 0x0c0320
<6>[    0.152643] pci 0000:00:05.7: reg 0x10: [mem 0xc8585000-0xc8585fff]
<6>[    0.155306] pci 0000:00:06.0: [1af4:1003] type 00 class 0x078000
<6>[    0.155981] pci 0000:00:06.0: reg 0x10: [io  0x80c0-0x80ff]
<6>[    0.157184] pci 0000:00:06.0: reg 0x14: [mem 0xc8584000-0xc8584fff]
<6>[    0.160042] pci 0000:00:06.0: reg 0x20: [mem 0x800104000-0x800107fff 64bit pref]
<6>[    0.164385] pci 0000:00:08.0: [1af4:1002] type 00 class 0x00ff00
<6>[    0.165317] pci 0000:00:08.0: reg 0x10: [io  0x8120-0x813f]
<6>[    0.168533] pci 0000:00:08.0: reg 0x20: [mem 0x800108000-0x80010bfff 64bit pref]
<6>[    0.171554] pci 0000:00:0b.0: [1af4:1001] type 00 class 0x010000
<6>[    0.172647] pci 0000:00:0b.0: reg 0x10: [io  0x8000-0x807f]
<6>[    0.174600] pci 0000:00:0b.0: reg 0x14: [mem 0xc8583000-0xc8583fff]
<6>[    0.176901] pci 0000:00:0b.0: reg 0x20: [mem 0x80010c000-0x80010ffff 64bit pref]
<6>[    0.187259] pci 0000:00:1f.0: [8086:2918] type 00 class 0x060100
<6>[    0.187665] pci 0000:00:1f.0: quirk: [io  0x0600-0x067f] claimed by ICH6 ACPI/GPIO/TCO
<6>[    0.187952] pci 0000:00:1f.2: [8086:2922] type 00 class 0x010601
<6>[    0.191215] pci 0000:00:1f.2: reg 0x20: [io  0x8100-0x811f]
<6>[    0.191824] pci 0000:00:1f.2: reg 0x24: [mem 0xc8582000-0xc8582fff]
<6>[    0.192757] pci 0000:00:1f.3: [8086:2930] type 00 class 0x0c0500
<6>[    0.194531] pci 0000:00:1f.3: reg 0x20: [io  0x8080-0x80bf]
<6>[    0.197243] pci 0000:01:00.0: [1b36:000e] type 01 class 0x060400
<6>[    0.198658] pci 0000:01:00.0: reg 0x10: [mem 0xc8400000-0xc84000ff 64bit]
<6>[    0.202338] pci 0000:00:01.0: PCI bridge to [bus 01-02]
<6>[    0.202369] pci 0000:00:01.0:   bridge window [io  0x7000-0x7fff]
<6>[    0.202390] pci 0000:00:01.0:   bridge window [mem 0xc8200000-0xc84fffff]
<6>[    0.202428] pci 0000:00:01.0:   bridge window [mem 0x800000000-0x8000fffff 64bit pref]
<6>[    0.202877] pci_bus 0000:02: extended config space not accessible
<6>[    0.203504] pci 0000:02:01.0: [1af4:1004] type 00 class 0x010000
<6>[    0.205023] pci 0000:02:01.0: reg 0x10: [io  0x7000-0x703f]
<6>[    0.206622] pci 0000:02:01.0: reg 0x14: [mem 0xc8200000-0xc8200fff]
<6>[    0.212646] pci 0000:02:01.0: reg 0x20: [mem 0x800000000-0x800003fff 64bit pref]
<6>[    0.224312] pci 0000:01:00.0: PCI bridge to [bus 02]
<6>[    0.224339] pci 0000:01:00.0:   bridge window [io  0x7000-0x7fff]
<6>[    0.224355] pci 0000:01:00.0:   bridge window [mem 0xc8200000-0xc83fffff]
<6>[    0.224385] pci 0000:01:00.0:   bridge window [mem 0x800000000-0x8000fffff 64bit pref]
<6>[    0.225968] pci 0000:00:01.1: PCI bridge to [bus 03]
<6>[    0.225968] pci 0000:00:01.1:   bridge window [io  0x6000-0x6fff]
<6>[    0.225968] pci 0000:00:01.1:   bridge window [mem 0xc8000000-0xc81fffff]
<6>[    0.225968] ACPI: PCI: Interrupt link LNKA configured for IRQ 10
<6>[    0.225968] ACPI: PCI: Interrupt link LNKB configured for IRQ 10
<6>[    0.225968] ACPI: PCI: Interrupt link LNKC configured for IRQ 11
<6>[    0.225968] ACPI: PCI: Interrupt link LNKD configured for IRQ 11
<6>[    0.225968] ACPI: PCI: Interrupt link LNKE configured for IRQ 10
<6>[    0.225968] ACPI: PCI: Interrupt link LNKF configured for IRQ 10
<6>[    0.230812] ACPI: PCI: Interrupt link LNKG configured for IRQ 11
<6>[    0.230992] ACPI: PCI: Interrupt link LNKH configured for IRQ 11
<6>[    0.231053] ACPI: PCI: Interrupt link GSIA configured for IRQ 16
<6>[    0.231079] ACPI: PCI: Interrupt link GSIB configured for IRQ 17
<6>[    0.231095] ACPI: PCI: Interrupt link GSIC configured for IRQ 18
<6>[    0.231110] ACPI: PCI: Interrupt link GSID configured for IRQ 19
<6>[    0.231132] ACPI: PCI: Interrupt link GSIE configured for IRQ 20
<6>[    0.231153] ACPI: PCI: Interrupt link GSIF configured for IRQ 21
<6>[    0.231173] ACPI: PCI: Interrupt link GSIG configured for IRQ 22
<6>[    0.231190] ACPI: PCI: Interrupt link GSIH configured for IRQ 23
<6>[    0.232673] iommu: Default domain type: Translated 
<6>[    0.232681] iommu: DMA domain TLB invalidation policy: lazy mode 
<5>[    0.233099] SCSI subsystem initialized
<7>[    0.236010] libata version 3.00 loaded.
<6>[    0.236050] ACPI: bus type USB registered
<6>[    0.236094] usbcore: reg094] usbcore: regi                
<6>[    0.236125] usbcore: registered new interface driver hub
<6>[    0.236136] usbcore: registered new device driver usb
<6>[    0.236178] pps_core: LinuxPPS API ver. 1 registered
<6>[    0.236183] pps_core: Software ver. 5.3.6 - Copyright 2005-2007 Rodolfo Giometti <giometti@linux.it>
<6>[    0.236187] PTP clock support registered
<6>[    0.236208] EDAC MC: Ver: 3.0.0
<6>[    0.236575] efivars: Registered efivars operations
<6>[    0.238518] NetLabel: Initializing
<6>[    0.238561] NetLabel:  domain hash size = 128
<6>[    0.238567] NetLabel:  protocols = UNLABELED CIPSOv4 CALIPSO
<6>[    0.238607] NetLabel:  unlabeled traffic allowed by default
<6>[    0.238617] mctp: management component transport protocol core
<6>[    0.238629] NET: Registered PF_MCTP protocol family
<6>[    0.238650] PCI: Using ACPI for IRQ routing
<7>[    0.391930] PCI: pci_cache_line_size set to 64 bytes
<7>[    0.392227] e820: reserve RAM buffer [mem 0x7d000000-0x7fffffff]
<6>[    0.393202] pci 0000:00:02.0: vgaarb: setting as boot VGA device
<6>[    0.393212] pci 0000:00:02.0: vgaarb: bridge control possible
<6>[    0.393213] pci 0000:00:02.0: vgaarb: VGA device added: decodes=io+mem,owns=io+mem,locks=none
<6>[    0.393222] vgaarb: loaded
<6>[    0.395987] clocksource: Switched to clocksource kvm-clock
<5>[    0.409783] VFS: Disk quotas dquot_6.6.0
<6>[    0.409812] VFS: Dquot-cache hash table entries: 512 (order 0, 4096 bytes)
<6>[    0.410051] pnp: PnP ACPI init
<6>[    0.410458] system 00:04: [mem 0xb0000000-0xbfffffff window] has been reserved
<6>[    0.410817] pnp: PnP ACPI: found 5 devices
<6>[    0.417650] clocksource: acpi_pm: mask: 0xffffff max_cycles: 0xffffff, max_idle_ns: 2085701024 ns
<6>[    0.417809] NET: Registered PF_INET protocol family
<6>[    0.418073] IP idents hash table entries: 32768 (order: 6, 262144 bytes, linear)
<6>[    0.420340] tcp_listen_portaddr_hash hash table entries: 1024 (order: 2, 16384 bytes, linear)
<6>[    0.420508] Table-perturb hash table entries: 65536 (order: 6, 262144 bytes, linear)
<6>[    0.420592] TCP established hash table entries: 16384 (order: 5, 131072 bytes, linear)
<6>[    0.420930] TCP bind hash table entries: 16384 (order: 7, 524288 bytes, linear)
<6>[    0.420995] TCP: Hash tables configured (established 16384 bind 16384)
<6>[    0.421203] MPTCP token hash table entries: 2048 (order: 3, 49152 bytes, linear)
<6>[    0.421238] UDP hash table entries: 1024 (order: 3, 32768 bytes, linear)
<6>[    0.421263] UDP-Lite hash table entries: 1024 (order: 3, 32768 bytes, linear)
<6>[    0.421344] NET: Registered PF_UNIX/PF_LOCAL protocol family
<6>[    0.421356] NET: Registered PF_XDP protocol family
<6>[    0.421361] pci 0000:00:03.0: can't claim BAR 6 [mem 0xfff80000-0xffffffff pref]: no compatible bridge window
<6>[    0.421377] pci 0000:00:01.1: bridge window [mem 0x00100000-0x000fffff 64bit pref] to [bus 03] add_size 200000 add_align 100000
<6>[    0.421394] pci 0000:00:01.1: BAR 15: assigned [mem 0x800200000-0x8003fffff 64bit pref]
<6>[    0.421396] pci 0000:00:03.0: BAR 6: assigned [mem 0x80000000-0x8007ffff pref]
<6>[    0.421400] pci 0000:01:00.0: PCI bridge to [bus 02]
<6>[    0.421429] pci 0000:01:00.0:   bridge window [io  0x7000-0x7fff]
<6>[    0.422449] pci 0000:01:00.0:   bridge window [mem 0xc8200000-0xc83fffff]
<6>[    0.423030] pci 0000:01:00.0:   bridge window [mem 0x800000000-0x8000fffff 64bit pref]
<6>[    0.424091] pci 0000:00:01.0: PCI bridge to [bus 01-02]
<6>[    0.424105] pci 0000:00:01.0:   bridge window [io  0x7000-0x7fff]
<6>[    0.424963] pci 0000:00:01.0:   bridge window [mem 0xc8200000-0xc84fffff]
<6>[    0.425493] pci 0000:00:01.0:   bridge window [mem 0x800000000-0x8000fffff 64bit pref]
<6>[    0.426572] pci 0000:00:01.1: PCI bridge to [bus 03]
<6>[    0.426585] pci 0000:00:01.1:   bridge window [io  0x6000-0x6fff]
<6>[    0.427380] pci 0000:00:01.1:   bridge window [mem 0xc8000000-0xc81fffff]
<6>[    0.427913] pci 0000:00:01.1:   bridge window [mem 0x800200000-0x8003fffff 64bit pref]
<6>[    0.428991] pci_bus 0000:00: resource 4 [io  0x0000-0x0cf7 window]
<6>[    0.428994] pci_bus 0000:00: resource 5 [io  0x0d00-0xffff window]
<6>[    0.428996] pci_bus 0000:00: resource 6 [mem 0x000a0000-0x000bffff window]
<6>[    0.428998] pci_bus 0000:00: resource 7 [mem 0x80000000-0xafffffff window]
<6>[    0.428999] pci_bus 0000:00: resource 8 [mem 0xc0000000-0xfebfffff window]
<6>[    0.429010] pci_bus 0000:00: resource 9 [mem 0x800000000-0xfffffffff window]
<6>[    0.429012] pci_bus 0000:01: resource 0 [io  0x7000-0x7fff]
<6>[    0.429014] pci_bus 0000:01: resource 1 [mem 0xc8200000-0xc84fffff]
<6>[    0.429015] pci_bus 0000:01: resource 2 [mem 0x800000000-0x8000fffff 64bit pref]
<6>[    0.429017] pci_bus 0000:02: resource 0 [io  0x7000-0x7fff]
<6>[    0.429019] pci_bus 0000:02: resource 1 [mem 0xc8200000-0xc83fffff]
<6>[    0.429020] pci_bus 0000:02: resource 2 [mem 0x800000000-0x8000fffff 64bit pref]
<6>[    0.429022] pci_bus 0000:03: resource 0 [io  0x6000-0x6fff]
<6>[    0.429024] pci_bus 0000:03: resource 1 [mem 0xc8000000-0xc81fffff]
<6>[    0.429025] pci_bus 0000:03: resource 2 [mem 0x800200000-0x8003fffff 64bit pref]
<6>[    0.429536] ACPI: \_SB_.GSIF: Enabled at IRQ 21
<6>[    0.430449] ACPI: \_SB_.GSIE: Enabled at IRQ 20
<6>[    0.431132] PCI: CLS 0 bytes, default 64
<6>[    0.431292] clocksource: tsc: mask: 0xffffffffffffffff max_cycles: 0x23fa754787d, max_idle_ns: 440795210092 ns
<6>[    0.431345] Trying to unpack rootfs image as initramfs...
<5>[    0.432904] Initialise system trusted keyrings
<5>[    0.432939] Key type blacklist registered
<6>[    0.439385] workingset: timestamp_bits=41 max_order=19 bucket_order=0
<6>[    0.439428] zbud: loaded
<5>[    0.439786] integrity: Platform Keyring initialized
<5>[    0.439798] integrity: Machine keyring initialized
<5>[    0.448562] Key type asymmetric registered
<5>[    0.448574] Asymmetric key parser 'x509' registered
<6>[    0.448641] Block layer SCSI generic (bsg) driver version 0.4 loaded (major 242)
<6>[    0.448769] io scheduler mq-deadline registered
<6>[    0.448771] io scheduler kyber registered
<6>[    0.448803] io scheduler bfq registered
<6>[    0.450703] pcieport 0000:00:01.0: PME: Signaling with IRQ 24
<6>[    0.451025] pcieport 0000:00:01.0: AER: enabled with IRQ 24
<6>[    0.451116] pcieport 0000:00:01.0: pciehp: Slot #0 AttnBtn+ PwrCtrl+ MRL- AttnInd+ PwrInd+ HotPlug+ Surprise+ Interlock+ NoCompl- IbPresDis- LLActRep+
<6>[    0.453255] pcieport 0000:00:01.1: PME: Signaling with IRQ 25
<6>[    0.453505] pcieport 0000:00:01.1: AER: enabled with IRQ 25
<6>[    0.453585] pcieport 0000:00:01.1: pciehp: Slot #0 AttnBtn+ PwrCtrl+ MRL- AttnInd+ PwrInd+ HotPlug+ Surprise+ Interlock+ NoCompl- IbPresDis- LLActRep+
<6>[    0.455269] shpchp 0000:01:00.0: HPC vendor_id 1b36 device_id e ss_vid 0 ss_did 0
<6>[    0.458780] shpchp: Standard Hot Plug PCI Controller Driver version: 0.4
<6>[    0.458981] input: Power Button as /devices/LNXSYSTM:00/LNXPWRBN:00/input/input0
<6>[    0.472867] ACPI: button: Power Button [PWRF]
<6>[    0.473737] Serial: 8250/16550 driver, 32 ports, IRQ sharing enabled
<6>[    0.475257] 00:00: ttyS0 at I/O 0x3f8 (irq = 4, base_baud = 115200) is a 16550A
<6>[    0.477622] Non-volatile memory driver v1.3
<6>[    0.477627] Linux agpgart interface v0.103
<6>[    0.477669] AMD-Vi: AMD IOMMUv2 functionality not available on this system - This is not a bug.
<6>[    0.477689] ACPI: bus type drm_connector registered
<7>[    0.478372] ahci 0000:00:1f.2: version 3.0
<6>[    0.478823] ACPI: \_SB_.GSIA: Enabled at IRQ 16
<6>[    0.479814] ahci 0000:00:1f.2: AHCI 0001.0000 32 slots 6 ports 1.5 Gbps 0x3f impl SATA mode
<6>[    0.479828] ahci 0000:00:1f.2: flags: 64bit ncq only 
<6>[    0.481855] scsi host0: ahci
<6>[    0.482170] scsi host1: ahci
<6>[    0.482381] scsi host2: ahci
<6>[    0.482664] scsi host3: ahci
<6>[    0.482894] scsi host4: ahci
<6>[    0.483351] scsi host5: ahci
<6>[    0.483480] ata1: SATA max UDMA/133 abar m4096@0xc8582000 port 0xc8582100 irq 27
<6>[    0.483492] ata2: SATA max UDMA/133 abar m4096@0xc8582000 port 0xc8582180 irq 27
<6>[    0.483501] ata3: SATA max UDMA/133 abar m4096@0xc8582000 port 0xc8582200 irq 27
<6>[    0.483510] ata4: SATA max UDMA/133 abar m4096@0xc8582000 port 0xc8582280 irq 27
<6>[    0.483519] ata5: SATA max UDMA/133 abar m4096@0xc8582000 port 0xc8582300 irq 27
<6>[    0.483526] ata6: SATA max UDMA/133 abar m4096@0xc8582000 port 0xc8582380 irq 27
<6>[    0.484728] uhci_hcd 0000:00:05.0: UHCI Host Controller
<6>[    0.484755] uhci_hcd 0000:00:05.0: new USB bus registered, assigned bus number 1
<6>[    0.484794] uhci_hcd 0000:00:05.0: detected 2 ports
<6>[    0.484955] uhci_hcd 0000:00:05.0: irq 21, io port 0x00008140
<6>[    0.485432] usb usb1: New USB device found, idVendor=1d6b, idProduct=0001, bcdDevice= 6.03
<6>[    0.485437] usb usb1: New USB device strings: Mfr=3, Product=2, SerialNumber=1
<6>[    0.485439] usb usb1: Product: UHCI Host Controller
<6>[    0.485441] usb usb1: Manufacturer: Linux 6.3.0-rc2-gpiccoli uhci_hcd
<6>[    0.485443] usb usb1: SerialNumber: 0000:00:05.0
<6>[    0.485640] hub 1-0:1.0: USB hub found
<6>[    0.485655] hub 1-0:1.0: 2 ports detected
<6>[    0.485945] usbcore: registered new interface driver usbserial_generic
<6>[    0.485956] usbserial: USB Serial support registered for generic
<6>[    0.486078] rtc_cmos 00:03: RTC can wake from S4
<6>[    0.486745] rtc_cmos 00:03: registered as rtc0
<6>[    0.486843] rtc_cmos 00:03: setting system clock to 2023-03-28T19:21:13 UTC (1680031273)
<6>[    0.486934] rtc_cmos 00:03: alarms up to one day, y3k, 242 bytes nvram
<6>[    0.487029] intel_pstate: CPU model not supported
<6>[    0.489248] ledtrig-cpu: registered to indicate activity on CPUs
<6>[    0.489457] efifb: probing for efifb
<6>[    0.489488] efifb: framebuffer at 0xc4000000, using 4032k, total 4032k
<6>[    0.489497] efifb: mode is 1280x800x32, linelength=5120, pages=1
<6>[    0.489500] efifb: scrolling: redraw
<6>[    0.489501] efifb: Truecolor: size=8:8:8:8, shift=24:16:8:0
<6>[    0.489604] fbcon: Deferring console take-over
<6>[    0.489610] fb0: EFI VGA frame buffer device
<6>[    0.489647] hid: raw HID events driver (C) Jiri Kosina
<6>[    0.489788] drop_monitor: Initializing network drop monitor service
<6>[    0.489906] Initializing XFRM netlink socket
<6>[    0.489954] NET: Registered PF_INET6 protocol family
<6>[    0.490324] ehci-pci 0000:00:05.7: EHCI Host Controller
<6>[    0.490335] ehci-pci 0000:00:05.7: new USB bus registered, assigned bus number 2
<6>[    0.490630] ehci-pci 0000:00:05.7: irq 20, io mem 0xc8585000
<6>[    0.502716] ehci-pci 0000:00:05.7: USB 2.0 started, EHCI 1.00
<6>[    0.502792] usb usb2: New USB device found, idVendor=1d6b, idProduct=0002, bcdDevice= 6.03
<6>[    0.502796] usb usb2: New USB device strings: Mfr=3, Product=2, SerialNumber=1
<6>[    0.502798] usb usb2: Product: EHCI Host Controller
<6>[    0.502799] usb usb2: Manufacturer: Linux 6.3.0-rc2-gpiccoli ehci_hcd
<6>[    0.502801] usb usb2: SerialNumber: 0000:00:05.7
<6>[    0.502923] hub 2-0:1.0: USB hub found
<6>[    0.502933] hub 2-0:1.0: 6 ports detected
<6>[    0.529773] hub 1-0:1.0: USB hub found
<6>[    0.529788] hub 1-0:1.0: 2 ports detected
<6>[    0.557160] Freeing initrd memory: 9316K
<6>[    0.569626] Segment Routing with IPv6
<6>[    0.569629] RPL Segment Routing with IPv6
<6>[    0.569651] In-situ OAM (IOAM) with IPv6
<6>[    0.569686] NET: Registered PF_PACKET protocol family
<6>[    0.570060] IPI shorthand broadcast: enabled
<6>[    0.572182] registered taskstats version 1
<5>[    0.572452] Loading compiled-in X.509 certificates
<5>[    0.575918] Loaded X.509 cert 'Build time autogenerated kernel key: d16b2869a2daa1bb41aac1f939022c4259286298'
<6>[    0.576243] zswap: loaded using pool lz4/z3fold
<5>[    0.578455] Key type .fscrypt registered
<5>[    0.578459] Key type fscrypt-provisioning registered
<6>[    0.579177] PM:   Magic number: 15:923:395
<6>[    0.579428] RAS: Correctable Errors collector initialized.
<4>[    0.579472] Unstable clock detected, switching default tracing clock to "global"
<4>[    0.579472] If you want to keep using the local clock, then add:
<4>[    0.579472]   "trace_clock=local"
<4>[    0.579472] on the kernel command line
<6>[    0.801157] ata3: SATA link down (SStatus 0 SControl 300)
<6>[    0.801294] ata6: SATA link down (SStatus 0 SControl 300)
<6>[    0.801401] ata5: SATA link down (SStatus 0 SControl 300)
<6>[    0.801516] ata2: SATA link down (SStatus 0 SControl 300)
<6>[    0.801689] ata4: SATA link down (SStatus 0 SControl 300)
<6>[    0.801834] ata1: SATA link down (SStatus 0 SControl 300)
<6>[    0.804471] Freeing unused decrypted memory: 2036K
<6>[    0.806911] Freeing unused kernel image (initmem) memory: 3308K
<6>[    0.807013] Write protecting the kernel read-only data: 24576k
<6>[    0.807660] Freeing unused kernel image (rodata/data gap) memory: 556K
<6>[    0.864327] x86/mm: Checked W+X mappings: passed, no W+X pages found.
<6>[    0.864348] rodata_test: all tests were successful
<6>[    0.864353] x86/mm: Checking user space page tables
<6>[    0.915914] x86/mm: Checked W+X mappings: passed, no W+X pages found.
<6>[    0.915937] Run /init as init process
<7>[    0.915941]   with arguments:
<7>[    0.915943]     /init
<7>[    0.915944]   with environment:
<7>[    0.915945]     HOME=/
<7>[    0.915945]     TERM=linux
<7>[    0.915946]     BOOT_IMAGE=/vmlinuz-6.3.0-rc2-gpiccoli
<5>[    1.030737] serio: module verification failed: signature and/or required key missing - tainting kernel
<6>[    1.038769] i8042: PNP: PS/2 Controller [PNP0303:KBD,PNP0f13:MOU] at 0x60,0x64 irq 1,12
<6>[    1.039455] serio: i8042 KBD port at 0x60,0x64 irq 1
<6>[    1.039542] serio: i8042 AUX port at 0x60,0x64 irq 12
<6>[    1.044817] ACPI: \_SB_.GSIH: Enabled at IRQ 23
<6>[    1.052658] ACPI: \_SB_.GSIG: Enabled at IRQ 22
<6>[    1.080434] virtio_blk virtio3: 1/0/0 default/read/poll queues
<5>[    1.081207] virtio_blk virtio3: [vda] 31457280 512-byte logical blocks (16.1 GB/15.0 GiB)
<6>[    1.081388] virtio_blk virtio3: blk config size: 96
<6>[    1.082106] input: AT Translated Set 2 keyboard as /devices/platform/i8042/serio0/input/input1
<6>[    1.100003] scsi host6: Virtio SCSI HBA
<5>[    1.106050] scsi 6:0:0:0: CD-ROM            QEMU     QEMU CD-ROM      2.5+ PQ: 0 ANSI: 5
<6>[    1.107328]  vda: vda1 vda2 vda3
<4>[    1.163586] sr 6:0:0:0: Power-on or device reset occurred
<6>[    1.163868] sr 6:0:0:0: [sr0] scsi3-mmc drive: 16x/50x cd/rw xa/form2 cdda tray
<6>[    1.163873] cdrom: Uniform CD-ROM driver Revision: 3.20
<7>[    1.164916] sr 6:0:0:0: Attached scsi CD-ROM sr0
<6>[    1.378566] EXT4-fs (vda3): mounted filesystem 0dea8b72-e2ad-4c94-a850-9a01db1a36f6 with ordered data mode. Quota mode: none.
<30>[    1.508556] systemd[1]: systemd 253.1-3-arch running in system mode (+PAM +AUDIT -SELINUX -APPARMOR -IMA +SMACK +SECCOMP +GCRYPT +GNUTLS +OPENSSL +ACL +BLKID +CURL +ELFUTILS +FIDO2 +IDN2 -IDN +IPTC +KMOD +LIBCRYPTSETUP +LIBFDISK +PCRE2 -PWQUALITY +P11KIT -QRENCODE +TPM2 +BZIP2 +LZ4 +XZ +ZLIB +ZSTD +BPF_FRAMEWORK +XKBCOMMON +UTMP -SYSVINIT default-hierarchy=unified)
<30>[    1.508588] systemd[1]: Detected virtualization kvm.
<30>[    1.508613] systemd[1]: Detected architecture x86-64.
<30>[    1.526893] systemd[1]: Hostname set to <arch>.
<27>[    1.650663] systemd[1]: bpf-lsm: Failed to load BPF object: No such process
<4>[    1.651389] memfd_create() without MFD_EXEC nor MFD_NOEXEC_SEAL, pid=1 'systemd'
<30>[    1.871530] systemd[1]: Queued start job for default target Graphical Interface.
<30>[    1.887272] systemd[1]: Created slice Slice /system/getty.
<30>[    1.888384] systemd[1]: Created slice Slice /system/modprobe.
<30>[    1.889400] systemd[1]: Created slice Slice /system/serial-getty.
<30>[    1.890426] systemd[1]: Created slice Slice /system/systemd-fsck.
<30>[    1.891453] systemd[1]: Created slice User and Session Slice.
<30>[    1.892189] systemd[1]: Started Dispatch Password Requests to Console Directory Watch.
<30>[    1.893151] systemd[1]: Started Forward Password Requests to Wall Directory Watch.
<30>[    1.894070] systemd[1]: Set up automount Arbitrary Executable File Formats File System Automount Point.
<30>[    1.894884] systemd[1]: Reached target Local Encrypted Volumes.
<30>[    1.896766] systemd[1]: Reached target Local Integrity Protected Volumes.
<30>[    1.897410] systemd[1]: Reached target Path Units.
<30>[    1.897880] systemd[1]: Reached target Remote File Systems.
<30>[    1.898392] systemd[1]: Reached target Slice Units.
<30>[    1.899053] systemd[1]: Reached target Local Verity Protected Volumes.
<30>[    1.900059] systemd[1]: Listening on Device-mapper event daemon FIFOs.
<30>[    1.902060] systemd[1]: Listening on LVM2 poll daemon socket.
<30>[    1.905114] systemd[1]: Listening on Process Core Dump Socket.
<30>[    1.906672] systemd[1]: Listening on Journal Socket (/dev/log).
<30>[    1.908031] systemd[1]: Listening on Journal Socket.
<30>[    1.909170] systemd[1]: Listening on Network Service Netlink Socket.
<30>[    1.910667] systemd[1]: Listening on udev Control Socket.
<30>[    1.912199] systemd[1]: Listening on udev Kernel Socket.
<30>[    1.915320] systemd[1]: Mounting Huge Pages File System...
<30>[    1.920454] systemd[1]: Mounting POSIX Message Queue File System...
<30>[    1.926092] systemd[1]: Mounting Kernel Debug File System...
<30>[    1.929762] systemd[1]: Mounting Kernel Trace File System...
<30>[    1.932947] systemd[1]: Starting Create List of Static Device Nodes...
<30>[    1.934941] systemd[1]: Starting Monitoring of LVM2 mirrors, snapshots etc. using dmeventd or progress polling...
<30>[    1.939870] systemd[1]: Starting Load Kernel Module configfs...
<30>[    1.942835] systemd[1]: Starting Load Kernel Module dm_mod...
<30>[    1.945328] systemd[1]: Starting Load Kernel Module drm...
<6>[    1.960563] device-mapper: uevent: version 1.0.3
<30>[    1.962413] systemd[1]: Starting Load Kernel Module fuse...
<6>[    1.962630] device-mapper: ioctl: 4.47.0-ioctl (2022-07-28) initialised: dm-devel@redhat.com
<30>[    1.966092] systemd[1]: Starting Load Kernel Module loop...
<30>[    1.966999] systemd[1]: File System Check on Root Device was skipped because of an unmet condition check (ConditionPathIsReadWrite=!/).
<30>[    1.976393] systemd[1]: Starting Journal Service...
<6>[    1.980296] fuse: init (API version 7.38)
<30>[    1.982617] systemd[1]: Starting Load Kernel Modules...
<30>[    1.983527] systemd[1]: TPM2 PCR Machine ID Measurement was skipped because of an unmet condition check (ConditionPathExists=/sys/firmware/efi/efivars/StubPcrKernelImage-4a67b082-0a4c-41cf-b6c7-440b29bb8c4f).
<6>[    1.986387] loop: module loaded
<30>[    1.999497] systemd[1]: Starting Remount Root and Kernel File Systems...
<5>[    2.000794] Asymmetric key parser 'pkcs8' registered
<30>[    2.003375] systemd[1]: Starting Coldplug All udev Devices...
<30>[    2.015607] systemd[1]: Mounted Huge Pages File System.
<30>[    2.017654] systemd[1]: Mounted POSIX Message Queue File System.
<30>[    2.018867] systemd[1]: Mounted Kernel Debug File System.
<30>[    2.021493] systemd[1]: Mounted Kernel Trace File System.
<30>[    2.022596] systemd[1]: Finished Create List of Static Device Nodes.
<6>[    2.025468] EXT4-fs (vda3): re-mounted 0dea8b72-e2ad-4c94-a850-9a01db1a36f6. Quota mode: none.
<30>[    2.026659] systemd[1]: modprobe@configfs.service: Deactivated successfully.
<30>[    2.026843] systemd[1]: Finished Load Kernel Module configfs.
<30>[    2.028382] systemd[1]: modprobe@dm_mod.service: Deactivated successfully.
<30>[    2.028667] systemd[1]: Finished Load Kernel Module dm_mod.
<30>[    2.030910] systemd[1]: modprobe@drm.service: Deactivated successfully.
<30>[    2.031284] systemd[1]: Finished Load Kernel Module drm.
<30>[    2.033638] systemd[1]: modprobe@fuse.service: Deactivated successfully.
<30>[    2.034002] systemd[1]: Finished Load Kernel Module fuse.
<30>[    2.035752] systemd[1]: modprobe@loop.service: Deactivated successfully.
<30>[    2.036457] systemd[1]: Finished Load Kernel Module loop.
<30>[    2.039452] systemd[1]: Finished Load Kernel Modules.
<30>[    2.041013] systemd[1]: Finished Remount Root and Kernel File Systems.
<46>[    2.041872] systemd-journald[169]: Collecting audit messages is disabled.
<30>[    2.066370] systemd[1]: Mounting FUSE Control File System...
<30>[    2.070313] systemd[1]: Mounting Kernel Configuration File System...
<30>[    2.072485] systemd[1]: First Boot Wizard was skipped because of an unmet condition check (ConditionFirstBoot=yes).
<30>[    2.073716] systemd[1]: Rebuild Hardware Database was skipped because of an unmet condition check (ConditionNeedsUpdate=/etc).
<30>[    2.080509] systemd[1]: Starting Load/Save OS Random Seed...
<30>[    2.083552] systemd[1]: Repartition Root Disk was skipped because no trigger condition checks were met.
<30>[    2.086418] systemd[1]: Starting Apply Kernel Variables...
<30>[    2.096325] systemd[1]: Create System Users was skipped because no trigger condition checks were met.
<30>[    2.098440] systemd[1]: Starting Create Static Device Nodes in /dev...
<30>[    2.109729] systemd[1]: Finished Monitoring of LVM2 mirrors, snapshots etc. using dmeventd or progress polling.
<30>[    2.110809] systemd[1]: Mounted FUSE Control File System.
<30>[    2.111684] systemd[1]: Mounted Kernel Configuration File System.
<30>[    2.130222] systemd[1]: Finished Load/Save OS Random Seed.
<30>[    2.131961] systemd[1]: First Boot Complete was skipped because of an unmet condition check (ConditionFirstBoot=yes).
<30>[    2.148411] systemd[1]: Finished Apply Kernel Variables.
<30>[    2.167748] systemd[1]: Started Journal Service.
<46>[    2.192102] systemd-journald[169]: Received client request to flush runtime journal.
<46>[    2.242344] systemd-journald[169]: /var/log/journal/c34f3277fe3d45c1b350ac5a5e4c89fd/system.journal: Monotonic clock jumped backwards relative to last journal entry, rotating.
<46>[    2.242371] systemd-journald[169]: Rotating system journal.
<6>[    2.573450] virtio_net virtio0 enp0s3: renamed from eth0
<5>[    2.573719] cfg80211: Loading compiled-in X.509 certificates for regulatory database
<5>[    2.582932] Loaded X.509 cert 'sforshee: 00b28ddf47aef9cea7'
<6>[    2.668609] Adding 965628k swap on /dev/vda2.  Priority:-2 extents:1 across:965628k FS
<5>[    3.005954] lpc_ich 0000:00:1f.0: I/O space for GPIO uninitialized
<6>[    3.042229] i801_smbus 0000:00:1f.3: SMBus using PCI interrupt
<6>[    3.042369] i2c i2c-0: 1/1 memory slots populated (from DMI)
<6>[    3.042371] i2c i2c-0: Memory type 0x07 not supported yet, not instantiating SPD
<6>[    3.100489] input: PC Speaker as /devices/platform/pcspkr/input/input3
<6>[    3.110152] ramoops: using module parameters
<6>[    3.118417] pstore: Using crash dump compression: zstd
<6>[    3.118466] printk: console [ramoops-1] enabled
<6>[    3.118620] pstore: Registered ramoops as persistent store backend
<6>[    3.118622] ramoops: using 0x400000@0x7d000000, ecc: 0
<6>[    3.127901] qxl 0000:00:02.0: vgaarb: deactivate vga console
<6>[    3.127959] [drm] Device Version 0.0
<6>[    3.127962] [drm] Compression level 0 log level 0
<6>[    3.127963] [drm] 12286 io pages at offset 0x1000000
<6>[    3.127971] [drm] 16777216 byte draw area at offset 0x0
<6>[    3.127973] [drm] RAM header offset: 0x3ffe000
<6>[    3.135185] [drm] qxl: 16M of VRAM memory size
<6>[    3.135197] [drm] qxl: 63M of IO pages memory ready (VRAM domain)
<6>[    3.135198] [drm] qxl: 64M of Surface memory size
<6>[    3.148763] [drm] slot 0 (main): base 0xc4000000, size 0x03ffe000
<6>[    3.149827] [drm] slot 1 (surfaces): base 0xc0000000, size 0x04000000
<6>[    3.162044] [drm] Initialized qxl 0.1.0 20120117 for 0000:00:02.0 on minor 0
<6>[    3.174331] fbcon: qxldrmfb (fb0) is primary device
<6>[    3.174335] fbcon: Deferring console take-over
<6>[    3.174340] qxl 0000:00:02.0: [drm] fb0: qxldrmfb frame buffer device
<6>[    3.255886] RAPL PMU: API unit is 2^-32 Joules, 0 fixed counters, 10737418240 ms ovfl timer
<6>[    3.257303] iTCO_vendor_support: vendor-support=0
<6>[    3.259715] input: VirtualPS/2 VMware VMMouse as /devices/platform/i8042/serio1/input/input5
<6>[    3.260329] input: VirtualPS/2 VMware VMMouse as /devices/platform/i8042/serio1/input/input4
<6>[    3.261351] iTCO_wdt iTCO_wdt.1.auto: Found a ICH9 TCO device (Version=2, TCOBASE=0x0660)
<6>[    3.262481] iTCO_wdt iTCO_wdt.1.auto: initialized. heartbeat=30 sec (nowayout=0)
<6>[    3.265888] cryptd: max_cpu_qlen set to 1000
<6>[    3.271967] AVX2 version of gcm_enc/dec engaged.
<6>[    3.272056] AES CTR mode by8 optimization enabled
<6>[    3.334263] mousedev: PS/2 mouse device common for all mice
<6>[    4.143442] fbcon: Taking over console
<6>[    4.153574] Console: switching to colour frame buffer device 128x48
<4>[87495.657050] lp: loading out-of-tree module taints kernel.
<1>[87495.658427] BUG: kernel NULL pointer dereference, address: 0000000000000000
<1>[87495.659770] #PF: supervisor read access in kernel mode
<1>[87495.660594] #PF: error_code(0x0000) - not-present page
<6>[87495.660594] PGD 0 P4D 0 
<4>[87495.660594] Oops: 0000 [#1] PREEMPT SMP PTI
<4>[87495.660594] CPU: 1 PID: 813 Comm: insmod Tainted: G           OE      6.3.0-rc2-gpiccoli #370 554e9808f2c955558158615ac312e0649ee12f6e
<4>[87495.660594] Hardware name: QEMU Standard PC (Q35 + ICH9, 2009), BIOS 0.0.0 02/06/2015
<4>[87495.660594] RIP: 0010:lp_init_module+0x28/0xff0 [lp]
<4>[87495.660594] Code: 90 90 f3 0f 1e fa 0f 1f 44 00 00 41 54 48 c7 c7 df 80 96 c0 55 53 48 83 ec 10 65 48 8b 04 25 28 00 00 00 48 89 44 24 08 31 c0 <8b> 34 25 00 00 00 00 e8 1c f7 c2 c7 4c 8b 05 95 b6 05 00 4d 85 c0
<4>[87495.660594] RSP: 0018:ffffae6200b43da0 EFLAGS: 00010246
<4>[87495.660594] RAX: 0000000000000000 RBX: 0000000000000000 RCX: 0000000000000000
<4>[87495.660594] RDX: 0000000000000cc0 RSI: ffffffff88573363 RDI: ffffffffc09680df
<4>[87495.660594] RBP: ffffffffc090f010 R08: 0000000000000010 R09: ffff987bc3717580
<4>[87495.660594] R10: ffff987bc230b6d0 R11: 0000000000000000 R12: ffff987bc3717580
<4>[87495.660594] R13: ffffae6200b43e60 R14: 0000000000000003 R15: 0000000000000000
<4>[87495.660594] FS:  00007f62711fa740(0000) GS:ffff987c3cd00000(0000) knlGS:0000000000000000
<4>[87495.660594] CS:  0010 DS: 0000 ES: 0000 CR0: 0000000080050033
<4>[87495.660594] CR2: 0000000000000000 CR3: 00000000034da004 CR4: 0000000000370ee0
<4>[87495.660594] DR0: 0000000000000000 DR1: 0000000000000000 DR2: 0000000000000000
<4>[87495.660594] DR3: 0000000000000000 DR6: 00000000fffe0ff0 DR7: 0000000000000400
<4>[87495.660594] Call Trace:
<4>[87495.660594]  <TASK>
<4>[87495.660594]  ? __pfx_init_module+0x10/0x10 [lp 5f5d4349d440a929ed1f619558f0ce9d5a203d09]
<4>[87495.660594]  do_one_initcall+0x45/0x220
<4>[87495.660594]  ? kmalloc_trace+0x29/0x90
<4>[87495.660594]  do_init_module+0x4c/0x200
<4>[87495.660594]  __do_sys_finit_module+0xb4/0x130
<4>[87495.660594]  do_syscall_64+0x5d/0x90
<4>[87495.660594]  ? do_syscall_64+0x6d/0x90
<4>[87495.660594]  entry_SYSCALL_64_after_hwframe+0x72/0xdc
<4>[87495.660594] RIP: 0033:0x7f6270b197fd
<4>[87495.660594] Code: 5d c3 66 2e 0f 1f 84 00 00 00 00 00 90 f3 0f 1e fa 48 89 f8 48 89 f7 48 89 d6 48 89 ca 4d 89 c2 4d 89 c8 4c 8b 4c 24 08 0f 05 <48> 3d 01 f0 ff ff 73 01 c3 48 8b 0d 5b 75 0d 00 f7 d8 64 89 01 48
<4>[87495.660594] RSP: 002b:00007ffe0db4c088 EFLAGS: 00000246 ORIG_RAX: 0000000000000139
<4>[87495.660594] RAX: ffffffffffffffda RBX: 00005576612a4790 RCX: 00007f6270b197fd
<4>[87495.660594] RDX: 0000000000000000 RSI: 000055765f5ffcb2 RDI: 0000000000000003
<4>[87495.660594] RBP: 000055765f5ffcb2 R08: 0000000000000000 R09: 00005576612a6ed0
<4>[87495.660594] R10: 0000000000000003 R11: 0000000000000246 R12: 0000000000000000
<4>[87495.660594] R13: 00005576612a4760 R14: 00007ffe0db4c2c8 R15: 00005576612a48a0
<4>[87495.660594]  </TASK>
<4>[87495.660594] Modules linked in: lp(OE+) parport(E) intel_rapl_msr(E) intel_rapl_common(E) kvm_intel(E) joydev(E) mousedev(E) kvm(E) irqbypass(E) crct10dif_pclmul(E) crc32_pclmul(E) polyval_clmulni(E) polyval_generic(E) gf128mul(E) ghash_clmulni_intel(E) sha512_ssse3(E) aesni_intel(E) crypto_simd(E) iTCO_wdt(E) cryptd(E) intel_pmc_bxt(E) pktcdvd(E) iTCO_vendor_support(E) rapl(E) psmouse(E) ramoops(E) reed_solomon(E) i2c_i801(E) i2c_smbus(E) pcspkr(E) qxl(E) drm_ttm_helper(E) lpc_ich(E) ttm(E) intel_agp(E) intel_gtt(E) vfat(E) fat(E) mac_hid(E) cfg80211(E) rfkill(E) pkcs8_key_parser(E) loop(E) fuse(E) dm_mod(E) qemu_fw_cfg(E) ip_tables(E) x_tables(E) ext4(E) crc32c_generic(E) crc16(E) mbcache(E) jbd2(E) sr_mod(E) cdrom(E) virtio_net(E) net_failover(E) failover(E) virtio_balloon(E) virtio_scsi(E) virtio_console(E) serio_raw(E) atkbd(E) libps2(E) vivaldi_fmap(E) virtio_blk(E) crc32c_intel(E) virtio_pci(E) virtio_pci_legacy_dev(E) virtio_pci_modern_dev(E) i8042(E) serio(E)
<4>[87495.660594] Unloaded tainted modules: intel_tcc_cooling(E):1 intel_cstate(E):1 intel_uncore(E):1 pcc_cpufreq(E):2 acpi_cpufreq(E):2 bpf_preload(E):1
<4>[87495.660594] CR2: 0000000000000000
<4>[87495.660594] ---[ end trace 0000000000000000 ]---
<4>[87495.660594] RIP: 0010:lp_init_module+0x28/0xff0 [lp]
<4>[87495.660594] Code: 90 90 f3 0f 1e fa 0f 1f 44 00 00 41 54 48 c7 c7 df 80 96 c0 55 53 48 83 ec 10 65 48 8b 04 25 28 00 00 00 48 89 44 24 08 31 c0 <8b> 34 25 00 00 00 00 e8 1c f7 c2 c7 4c 8b 05 95 b6 05 00 4d 85 c0
<4>[87495.660594] RSP: 0018:ffffae6200b43da0 EFLAGS: 00010246
<4>[87495.660594] RAX: 0000000000000000 RBX: 0000000000000000 RCX: 0000000000000000
<4>[87495.660594] RDX: 0000000000000cc0 RSI: ffffffff88573363 RDI: ffffffffc09680df
<4>[87495.660594] RBP: ffffffffc090f010 R08: 0000000000000010 R09: ffff987bc3717580
<4>[87495.660594] R10: ffff987bc230b6d0 R11: 0000000000000000 R12: ffff987bc3717580
<4>[87495.660594] R13: ffffae6200b43e60 R14: 0000000000000003 R15: 0000000000000000
<4>[87495.660594] FS:  00007f62711fa740(0000) GS:ffff987c3cd00000(0000) knlGS:0000000000000000
<4>[87495.660594] CS:  0010 DS: 0000 ES: 0000 CR0: 0000000080050033
<4>[87495.660594] CR2: 0000000000000000 CR3: 00000000034da004 CR4: 0000000000370ee0
<4>[87495.660594] DR0: 0000000000000000 DR1: 0000000000000000 DR2: 0000000000000000
<4>[87495.660594] DR3: 0000000000000000 DR6: 00000000fffe0ff0 DR7: 0000000000000400
<0>[87495.660594] Kernel panic - not syncing: Fatal exception
<4>[87495.660594] NMI backtrace for cpu 1
<4>[87495.660594] CPU: 1 PID: 813 Comm: insmod Tainted: G      D    OE      6.3.0-rc2-gpiccoli #370 554e9808f2c955558158615ac312e0649ee12f6e
<4>[87495.660594] Hardware name: QEMU Standard PC (Q35 + ICH9, 2009), BIOS 0.0.0 02/06/2015
<4>[87495.660594] Call Trace:
<4>[87495.660594]  <TASK>
<4>[87495.660594]  dump_stack_lvl+0x48/0x60
<4>[87495.660594]  nmi_cpu_backtrace+0xd6/0x110
<4>[87495.660594]  ? __pfx_nmi_raise_cpu_backtrace+0x10/0x10
<4>[87495.660594]  nmi_trigger_cpumask_backtrace+0x114/0x140
<4>[87495.660594]  panic+0x338/0x340
<4>[87495.660594]  oops_end+0xa9/0xf0
<4>[87495.660594]  page_fault_oops+0x178/0x4a0
<4>[87495.660594]  ? sysfs_add_bin_file_mode_ns+0x3e/0xd0
<4>[87495.660594]  exc_page_fault+0x75/0x170
<4>[87495.660594]  asm_exc_page_fault+0x26/0x30
<4>[87495.660594] RIP: 0010:lp_init_module+0x28/0xff0 [lp]
<4>[87495.660594] Code: 90 90 f3 0f 1e fa 0f 1f 44 00 00 41 54 48 c7 c7 df 80 96 c0 55 53 48 83 ec 10 65 48 8b 04 25 28 00 00 00 48 89 44 24 08 31 c0 <8b> 34 25 00 00 00 00 e8 1c f7 c2 c7 4c 8b 05 95 b6 05 00 4d 85 c0
<4>[87495.660594] RSP: 0018:ffffae6200b43da0 EFLAGS: 00010246
<4>[87495.660594] RAX: 0000000000000000 RBX: 0000000000000000 RCX: 0000000000000000
<4>[87495.660594] RDX: 0000000000000cc0 RSI: ffffffff88573363 RDI: ffffffffc09680df
<4>[87495.660594] RBP: ffffffffc090f010 R08: 0000000000000010 R09: ffff987bc3717580
<4>[87495.660594] R10: ffff987bc230b6d0 R11: 0000000000000000 R12: ffff987bc3717580
<4>[87495.660594] R13: ffffae6200b43e60 R14: 0000000000000003 R15: 0000000000000000
<4>[87495.660594]  ? __pfx_init_module+0x10/0x10 [lp 5f5d4349d440a929ed1f619558f0ce9d5a203d09]
<4>[87495.660594]  ? do_init_module+0x23/0x200
<4>[87495.660594]  ? __pfx_init_module+0x10/0x10 [lp 5f5d4349d440a929ed1f619558f0ce9d5a203d09]
<4>[87495.660594]  do_one_initcall+0x45/0x220
<4>[87495.660594]  ? kmalloc_trace+0x29/0x90
<4>[87495.660594]  do_init_module+0x4c/0x200
<4>[87495.660594]  __do_sys_finit_module+0xb4/0x130
<4>[87495.660594]  do_syscall_64+0x5d/0x90
<4>[87495.660594]  ? do_syscall_64+0x6d/0x90
<4>[87495.660594]  entry_SYSCALL_64_after_hwframe+0x72/0xdc
<4>[87495.660594] RIP: 0033:0x7f6270b197fd
<4>[87495.660594] Code: 5d c3 66 2e 0f 1f 84 00 00 00 00 00 90 f3 0f 1e fa 48 89 f8 48 89 f7 48 89 d6 48 89 ca 4d 89 c2 4d 89 c8 4c 8b 4c 24 08 0f 05 <48> 3d 01 f0 ff ff 73 01 c3 48 8b 0d 5b 75 0d 00 f7 d8 64 89 01 48
<4>[87495.660594] RSP: 002b:00007ffe0db4c088 EFLAGS: 00000246 ORIG_RAX: 0000000000000139
<4>[87495.660594] RAX: ffffffffffffffda RBX: 00005576612a4790 RCX: 00007f6270b197fd
<4>[87495.660594] RDX: 0000000000000000 RSI: 000055765f5ffcb2 RDI: 0000000000000003
<4>[87495.660594] RBP: 000055765f5ffcb2 R08: 0000000000000000 R09: 00005576612a6ed0
<4>[87495.660594] R10: 0000000000000003 R11: 0000000000000246 R12: 0000000000000000
<4>[87495.660594] R13: 00005576612a4760 R14: 00007ffe0db4c2c8 R15: 00005576612a48a0
<4>[87495.660594]  </TASK>
<6>[87495.660594] Sending NMI from CPU 1 to CPUs 0:
<4>[87495.725194] NMI backtrace for cpu 0
<4>[87495.725197] CPU: 0 PID: 0 Comm: swapper/0 Tainted: G      D    OE      6.3.0-rc2-gpiccoli #370 554e9808f2c955558158615ac312e0649ee12f6e
<4>[87495.725200] Hardware name: QEMU Standard PC (Q35 + ICH9, 2009), BIOS 0.0.0 02/06/2015
<4>[87495.725201] RIP: 0010:pv_native_safe_halt+0xf/0x20
<4>[87495.725207] Code: 0b 66 2e 0f 1f 84 00 00 00 00 00 90 90 90 90 90 90 90 90 90 90 90 90 90 90 90 90 f3 0f 1e fa 66 90 0f 00 2d 53 7a 2f 00 fb f4 <c3> cc cc cc cc 66 2e 0f 1f 84 00 00 00 00 00 66 90 90 90 90 90 90
<4>[87495.725208] RSP: 0018:ffffffff89c03e88 EFLAGS: 00000256
<4>[87495.725211] RAX: 0000000000000000 RBX: ffffffff89c10900 RCX: ffff987bc57b52f0
<4>[87495.725212] RDX: 4000000000000000 RSI: 0000000000000000 RDI: 00000000008b523c
<4>[87495.725213] RBP: 0000000000000000 R08: 00004f93aec0b032 R09: 0000000000000000
<4>[87495.725214] R10: 0000000000000000 R11: 0000000000000000 R12: 0000000000000000
<4>[87495.725215] R13: 0000000000000000 R14: ffffffff89c10038 R15: 000000007bebab46
<4>[87495.725216] FS:  0000000000000000(0000) GS:ffff987c3cc00000(0000) knlGS:0000000000000000
<4>[87495.725218] CS:  0010 DS: 0000 ES: 0000 CR0: 0000000080050033
<4>[87495.725219] CR2: 00007f690adc25a4 CR3: 00000000050aa001 CR4: 0000000000370ef0
<4>[87495.725224] DR0: 0000000000000000 DR1: 0000000000000000 DR2: 0000000000000000
<4>[87495.725224] DR3: 0000000000000000 DR6: 00000000fffe0ff0 DR7: 0000000000000400
<4>[87495.725226] Call Trace:
<4>[87495.725227]  <TASK>
<4>[87495.725228]  default_idle+0x9/0x20
<4>[87495.725241]  default_idle_call+0x2c/0xe0
<4>[87495.725251]  do_idle+0x1e0/0x230
<4>[87495.725265]  cpu_startup_entry+0x1d/0x20
<4>[87495.725268]  rest_init+0xc8/0xd0
<4>[87495.725270]  arch_call_rest_init+0xe/0x30
<4>[87495.725292]  start_kernel+0x717/0xb00
<4>[87495.725295]  ? x86_family+0x9/0x30
<4>[87495.725298]  secondary_startup_64_no_verify+0xe5/0xeb
<4>[87495.725303]  </TASK>
<0>[87495.660594] Kernel Offset: 0x7400000 from 0xffffffff81000000 (relocation range: 0xffffffff80000000-0xffffffffbfffffff)
<4>[87495.660594] Mem-Info:
<4>[87495.660594] active_anon:4361 inactive_anon:739 isolated_anon:0
<4>[87495.660594]  active_file:14689 inactive_file:14417 isolated_file:0
<4>[87495.660594]  unevictable:0 dirty:194 writeback:0
<4>[87495.660594]  slab_reclaimable:13430 slab_unreclaimable:5559
<4>[87495.660594]  mapped:6055 shmem:217 pagetables:205
<4>[87495.660594]  sec_pagetables:0 bounce:0
<4>[87495.660594]  kernel_misc_reclaimable:0
<4>[87495.660594]  free:364214 free_pcp:740 free_cma:0
<4>[87495.660594] Node 0 active_anon:17444kB inactive_anon:2956kB active_file:58756kB inactive_file:57668kB unevictable:0kB isolated(anon):0kB isolated(file):0kB mapped:24220kB dirty:776kB writeback:0kB shmem:868kB shmem_thp: 0kB shmem_pmdmapped: 0kB anon_thp: 2048kB writeback_tmp:0kB kernel_stack:1824kB pagetables:820kB sec_pagetables:0kB all_unreclaimable? no
<4>[87495.660594] Node 0 DMA free:15104kB boost:0kB min:404kB low:504kB high:604kB reserved_highatomic:0KB active_anon:0kB inactive_anon:0kB active_file:0kB inactive_file:0kB unevictable:0kB writepending:0kB present:15996kB managed:15360kB mlocked:0kB bounce:0kB free_pcp:0kB local_pcp:0kB free_cma:0kB
<4>[87495.660594] lowmem_reserve[]: 0 1643 1643 1643 1643
<4>[87495.660594] Node 0 DMA32 free:1441752kB boost:0kB min:44648kB low:55808kB high:66968kB reserved_highatomic:0KB active_anon:17444kB inactive_anon:2956kB active_file:58756kB inactive_file:57668kB unevictable:0kB writepending:776kB present:2031616kB managed:1697948kB mlocked:0kB bounce:0kB free_pcp:2960kB local_pcp:2960kB free_cma:0kB
<4>[87495.660594] lowmem_reserve[]: 0 0 0 0 0
<4>[87495.660594] Node 0 DMA: 0*4kB 0*8kB 0*16kB 0*32kB 0*64kB 0*128kB 1*256kB (U) 1*512kB (U) 0*1024kB 1*2048kB (M) 3*4096kB (M) = 15104kB
<4>[87495.660594] Node 0 DMA32: 2*4kB (UE) 2*8kB (UE) 2*16kB (UE) 23*32kB (M) 27*64kB (UME) 38*128kB (UME) 17*256kB (UME) 11*512kB (UM) 11*1024kB (UM) 2*2048kB (ME) 344*4096kB (UM) = 1441752kB
<4>[87495.660594] Node 0 hugepages_total=0 hugepages_free=0 hugepages_surp=0 hugepages_size=1048576kB
<4>[87495.660594] Node 0 hugepages_total=0 hugepages_free=0 hugepages_surp=0 hugepages_size=2048kB
<4>[87495.660594] 29323 total pagecache pages
<4>[87495.660594] 0 pages in swap cache
<4>[87495.660594] Free swap  = 965628kB
<4>[87495.660594] Total swap = 965628kB
<4>[87495.660594] 511903 pages RAM
<4>[87495.660594] 0 pages HighMem/MovableOnly
<4>[87495.660594] 83576 pages reserved
<4>[87495.660594] 0 pages cma reserved
<4>[87495.660594] 0 pages hwpoisoned
